I'm sorry, but errors were detected in your script. Please correct the
errors listed below, and try again.


File "game/screens.rpy", line 295: 'size' is not a keyword argument or valid child for the vbox statement.
    size 30
        ^

Ren'Py Version: Ren'Py 8.0.3.22090809
Wed Jan 18 14:06:03 2023
